// Jest Snapshot v1, https://goo.gl/fbAQLP

exports[`NavigationBar component renders as expected 1`] = `
<div>
  <nav
    className="navbar navbar-expand-md navbar-light bg-light"
  >
    <a
      className="navbar-brand"
      href="/"
    >
      test
    </a>
    <button
      className="navbar-toggler"
      onClick={[Function]}
      type="button"
    >
      <span
        className="navbar-toggler-icon"
      />
    </button>
    <div
      className="collapse navbar-collapse"
      style={Object {}}
    >
      <ul
        className="ml-auto navbar-nav"
      >
        <li
          className="nav-item"
        >
          <a
            className="nav-link"
            href="#"
            onClick={[Function]}
          >
            home
          </a>
        </li>
      </ul>
    </div>
  </nav>
</div>
`;
