// Jest Snapshot v1, https://goo.gl/fbAQLP

exports[`Humburger component renders as expected 1`] = `
<div>
  <button
    className="navbar-toggle collapsed"
    data-target="#bs-example-navbar-collapse-1"
    data-toggle="collapse"
    type="button"
  >
    <span
      className="sr-only"
    >
      Toggle navigation
    </span>
    <span
      className="icon-bar"
    />
    <span
      className="icon-bar"
    />
    <span
      className="icon-bar"
    />
  </button>
</div>
`;
